// Jest Snapshot v1, https://goo.gl/fbAQLP

exports[`MainView renders the component 1`] = `
<div class="main">
  <div class="left">
    <recipelistentry-stub recipes="[object Object],[object Object],[object Object],[object Object],[object Object],[object Object],[object Object],[object Object],[object Object]"></recipelistentry-stub>
  </div>
  <div class="right">
    <newrecipeform-stub></newrecipeform-stub>
  </div>
</div>
`;
